// Jest Snapshot v1, https://goo.gl/fbAQLP

exports[`AddProductForm should render and match snapshot 1`] = `
<div>
  <form
    class="sc-bcXHqe gYwOoV"
  >
    <h1>
      Cadastre o produto
    </h1>
    <div
      class="sc-gswNZR eKGxfH"
    >
      <div>
        <label
          for="name"
        >
          Nome
        </label>
        <input
          id="name"
          name="name"
          required=""
          type="text"
        />
      </div>
      <div>
        <label
          for="brand"
        >
          Marca
        </label>
        <input
          id="brand"
          name="brand"
          required=""
          type="text"
        />
      </div>
    </div>
    <div
      class="sc-gswNZR eKGxfH"
    >
      <div>
        <label
          for="type"
        >
          Tipo
        </label>
        <select
          id="type"
          name="type"
        >
          <option
            value="Fraco"
          >
            Fraco
          </option>
          <option
            value="Medio"
          >
            Medio
          </option>
          <option
            value="Forte"
          >
            Forte
          </option>
        </select>
      </div>
      <div>
        <label
          for="price"
        >
          Preço
        </label>
        <input
          id="price"
          name="price"
          required=""
          type="number"
        />
      </div>
    </div>
    <div
      class="sc-gswNZR eKGxfH"
    >
      <div>
        <label
          for="classification"
        >
          Classificação
        </label>
        <input
          id="classification"
          name="classification"
          required=""
          type="text"
        />
      </div>
      <div>
        <label
          for="intensity"
        >
          Intensidade
        </label>
        <input
          id="intensity"
          name="intensity"
          required=""
          type="text"
        />
      </div>
    </div>
    <div
      class="sc-gswNZR eKGxfH"
    >
      <div>
        <label
          for="origin"
        >
          Origem
        </label>
        <input
          id="origin"
          name="origin"
          required=""
          type="text"
        />
      </div>
      <div>
        <label
          for="typeRoast"
        >
          Tipo de torra
        </label>
        <input
          id="typeRoast"
          name="typeRoast"
          required=""
          type="text"
        />
      </div>
    </div>
    <div
      class="sc-gswNZR eKGxfH"
    >
      <div>
        <label
          for="notes"
        >
          Notas
        </label>
        <input
          id="notes"
          name="notes"
          required=""
          type="text"
        />
      </div>
      <div>
        <label
          for="quantity"
        >
          Quantidade em estoque
        </label>
        <input
          id="quantity"
          name="quantity"
          required=""
          type="number"
        />
      </div>
    </div>
    <div
      class="sc-gswNZR eKGxfH"
    >
      <div>
        <label
          for="description"
        >
          Descrição
        </label>
        <input
          id="description"
          name="description"
          required=""
          type="text"
        />
      </div>
      <div>
        <label
          for="image"
        >
          Image
        </label>
        <input
          id="image"
          name="image"
          required=""
          type="text"
        />
      </div>
    </div>
    <button
      type="submit"
    >
      ADICIONAR
    </button>
  </form>
</div>
`;
