// Jest Snapshot v1, https://goo.gl/fbAQLP

exports[`EditProductForm should render and match snapshot 1`] = `
<div>
  <form
    class="sc-bcXHqe gYwOoV"
  >
    <h1>
      Cadastre o produto
    </h1>
    <div
      class="sc-gswNZR eKGxfH"
    >
      <div>
        <label
          for="name"
        >
          Nome
        </label>
        <input
          id="name"
          name="name"
          type="text"
          value=""
        />
      </div>
      <div>
        <label
          for="brand"
        >
          Marca
        </label>
        <input
          id="brand"
          name="brand"
          type="text"
          value=""
        />
      </div>
    </div>
    <div
      class="sc-gswNZR eKGxfH"
    >
      <div>
        <label
          for="type"
        >
          Tipo
        </label>
        <select
          id="type"
          name="type"
        >
          <option
            value="fraco"
          >
            Fraco
          </option>
          <option
            value="medio"
          >
            Medio
          </option>
          <option
            value="forte"
          >
            Forte
          </option>
        </select>
      </div>
      <div>
        <label
          for="price"
        >
          Preço
        </label>
        <input
          id="price"
          name="price"
          type="number"
          value=""
        />
      </div>
    </div>
    <div
      class="sc-gswNZR eKGxfH"
    >
      <div>
        <label
          for="classification"
        >
          Classificação
        </label>
        <input
          id="classification"
          name="classification"
          type="text"
          value=""
        />
      </div>
      <div>
        <label
          for="itensity"
        >
          Intensidade
        </label>
        <input
          id="itensity"
          name="itensity"
          type="text"
          value=""
        />
      </div>
    </div>
    <div
      class="sc-gswNZR eKGxfH"
    >
      <div>
        <label
          for="origin"
        >
          Origem
        </label>
        <input
          id="origin"
          name="origin"
          type="text"
          value=""
        />
      </div>
      <div>
        <label
          for="typeToast"
        >
          Tipo de torra
        </label>
        <input
          id="typeToast"
          name="typeToast"
          type="text"
          value=""
        />
      </div>
    </div>
    <div
      class="sc-gswNZR eKGxfH"
    >
      <div>
        <label
          for="notes"
        >
          Notas
        </label>
        <input
          id="notes"
          name="notes"
          type="text"
          value=""
        />
      </div>
      <div>
        <label
          for="quantity"
        >
          Quantidade em estoque
        </label>
        <input
          id="quantity"
          name="quantity"
          type="number"
          value=""
        />
      </div>
    </div>
    <div
      class="sc-gswNZR eKGxfH"
    >
      <div>
        <label
          for="description"
        >
          Descrição
        </label>
        <input
          id="description"
          name="description"
          type="text"
          value=""
        />
      </div>
      <div>
        <label
          for="image"
        >
          Image
        </label>
        <input
          id="image"
          name="image"
          type="text"
          value=""
        />
      </div>
    </div>
    <button
      type="submit"
    >
      EDITAR
    </button>
  </form>
</div>
`;
