// Jest Snapshot v1, https://goo.gl/fbAQLP

exports[`ForgotPasswordModal should render and match snapshot 1`] = `
<div>
  <div
    class="sc-bcXHqe hlQNyq"
  >
    <div
      class="sc-eDvSVe giVUvE"
    >
      <h1>
        Esqueceu a sua senha?
      </h1>
      <h3>
        Adicione o seu email para lhe ajudarmos
      </h3>
    </div>
    <form>
      <label
        for="email"
      >
        E-mail
      </label>
      <input
        id="email"
        name="email"
        type="email"
      />
      <button
        type="submit"
      >
        Enviar
      </button>
    </form>
    <h2>
      Voltar
    </h2>
  </div>
</div>
`;
