// Jest Snapshot v1, https://goo.gl/fbAQLP

exports[`ResetPassword should render and match snapshot 1`] = `
<div>
  <div
    class="sc-bcXHqe hlQNyq"
  >
    <div
      class="sc-gswNZR dKCtgi"
    >
      <h1>
        Altere a sua senha
      </h1>
      <h3>
        Adicione e confirme a sua nova senha
      </h3>
    </div>
    <form>
      <label
        for="password"
      >
        Senha
      </label>
      <input
        id="password"
        name="password"
        type="password"
      />
      <label
        for="confirmPassword"
      >
        Confirme a senha
      </label>
      <input
        id="confirmPassword"
        name="confirmPassword"
        type="password"
      />
      <button
        type="submit"
      >
        Alterar
      </button>
    </form>
    <h2>
      Voltar
    </h2>
  </div>
</div>
`;
